 Network netscope-x-lab-data Creating 
 Network netscope-x-lab-edge Creating 
 Network netscope-x-lab-app Creating 
 Network netscope-x-lab-external Creating 
 Network netscope-x-lab-data Creating 
 Network netscope-x-lab-edge Creating 
 Network netscope-x-lab-app Creating 
 Network netscope-x-lab-external Creating 
 Network netscope-x-lab-data Created 
 Network netscope-x-lab-data Created 
 Container docker-database-1 Creating 
 Container docker-redis-1 Creating 
 Network netscope-x-lab-edge Created 
 Network netscope-x-lab-edge Created 
 Container docker-dns-1 Creating 
 Container docker-client-1 Creating 
 Network netscope-x-lab-app Created 
 Network netscope-x-lab-app Created 
 Network netscope-x-lab-external Created 
 Network netscope-x-lab-external Created 
 Container docker-external-service-1 Creating 
 Container docker-database-1 Created 
 Container docker-redis-1 Created 
 Container docker-worker-1 Creating 
 Container docker-dns-1 Created 
 Container docker-client-1 Created 
 Container docker-external-service-1 Created 
 Container docker-api-1-1 Creating 
 Container docker-api-2-1 Creating 
 Container docker-worker-1 Created 
 Container docker-api-1-1 Created 
 Container docker-api-2-1 Created 
 Container docker-load-balancer-2-1 Creating 
 Container docker-load-balancer-1 Creating 
 Container docker-load-balancer-1 Created 
 Container docker-load-balancer-2-1 Created 
 Container docker-gateway-1 Creating 
 Container docker-gateway-1 Created 
 Container docker-client-1 Starting 
 Container docker-database-1 Starting 
 Container docker-external-service-1 Starting 
 Container docker-redis-1 Starting 
 Container docker-dns-1 Starting 
 Container docker-client-1 Started 
 Container docker-database-1 Started 
 Container docker-external-service-1 Started 
 Container docker-redis-1 Started 
 Container docker-database-1 Waiting 
 Container docker-redis-1 Waiting 
 Container docker-database-1 Waiting 
 Container docker-redis-1 Waiting 
 Container docker-database-1 Waiting 
 Container docker-redis-1 Waiting 
 Container docker-dns-1 Started 
 Container docker-database-1 Healthy 
 Container docker-database-1 Healthy 
 Container docker-database-1 Healthy 
 Container docker-redis-1 Healthy 
 Container docker-worker-1 Starting 
 Container docker-redis-1 Healthy 
 Container docker-api-2-1 Starting 
 Container docker-redis-1 Healthy 
 Container docker-api-1-1 Starting 
 Container docker-worker-1 Started 
 Container docker-api-2-1 Started 
 Container docker-api-1-1 Started 
 Container docker-load-balancer-1 Starting 
 Container docker-load-balancer-2-1 Starting 
 Container docker-load-balancer-1 Started 
 Container docker-load-balancer-2-1 Started 
 Container docker-gateway-1 Starting 
 Container docker-gateway-1 Started 

real	0m7.816s
user	0m0.077s
sys	0m0.090s
