#0 building with "desktop-linux" instance using docker driver

#1 [internal] load build definition from Dockerfile
#1 transferring dockerfile: 503B done
#1 DONE 0.0s

#2 [auth] library/python:pull token for registry-1.docker.io
#2 DONE 0.0s

#3 [internal] load metadata for docker.io/library/python:3.12-slim
#3 DONE 1.8s

#4 [internal] load .dockerignore
#4 transferring context: 136B done
#4 DONE 0.0s

#5 [1/5] FROM docker.io/library/python:3.12-slim@sha256:f77ac9e44ae96ef2c90b8053ea08c31f8be030f824196b0ae4db6d462c84e51f
#5 resolve docker.io/library/python:3.12-slim@sha256:f77ac9e44ae96ef2c90b8053ea08c31f8be030f824196b0ae4db6d462c84e51f 0.0s done
#5 DONE 0.0s

#6 [2/5] WORKDIR /app
#6 CACHED

#7 [internal] load build context
#7 transferring context: 67.57MB 5.2s
#7 transferring context: 127.48MB 10.2s
#7 transferring context: 194.86MB 15.3s
#7 transferring context: 259.48MB 20.3s
#7 transferring context: 324.05MB 25.4s
#7 transferring context: 390.26MB 30.5s
#7 transferring context: 454.16MB 35.6s
#7 transferring context: 490.42MB 38.5s done
#7 DONE 38.5s

#8 [3/5] COPY requirements.txt requirements-dev.txt ./
#8 DONE 0.4s

#9 [4/5] RUN pip install --no-cache-dir -r requirements-dev.txt
#9 2.269 Collecting fastapi==0.115.5 (from -r /app/requirements.txt (line 1))
#9 2.997   Downloading fastapi-0.115.5-py3-none-any.whl.metadata (27 kB)
#9 3.115 Collecting uvicorn==0.32.1 (from uvicorn[standard]==0.32.1->-r /app/requirements.txt (line 2))
#9 3.141   Downloading uvicorn-0.32.1-py3-none-any.whl.metadata (6.6 kB)
#9 3.665 Collecting pydantic==2.9.2 (from -r /app/requirements.txt (line 3))
#9 3.692   Downloading pydantic-2.9.2-py3-none-any.whl.metadata (149 kB)
#9 6.778 Collecting pydantic-settings==2.6.1 (from -r /app/requirements.txt (line 4))
#9 6.804   Downloading pydantic_settings-2.6.1-py3-none-any.whl.metadata (3.5 kB)
#9 6.905 Collecting networkx==3.4.2 (from -r /app/requirements.txt (line 5))
#9 6.928   Downloading networkx-3.4.2-py3-none-any.whl.metadata (6.3 kB)
#9 7.390 Collecting numpy==2.1.3 (from -r /app/requirements.txt (line 6))
#9 7.432   Downloading numpy-2.1.3-cp312-cp312-manylinux_2_17_x86_64.manylinux2014_x86_64.whl.metadata (62 kB)
#9 30.12 Collecting pandas==2.2.3 (from -r /app/requirements.txt (line 7))
#9 30.16   Downloading pandas-2.2.3-cp312-cp312-manylinux_2_17_x86_64.manylinux2014_x86_64.whl.metadata (89 kB)
#9 39.20 Collecting scipy==1.14.1 (from -r /app/requirements.txt (line 8))
#9 39.22   Downloading scipy-1.14.1-cp312-cp312-manylinux_2_17_x86_64.manylinux2014_x86_64.whl.metadata (60 kB)
#9 41.15 Collecting PyYAML==6.0.2 (from -r /app/requirements.txt (line 9))
#9 41.18   Downloading PyYAML-6.0.2-cp312-cp312-manylinux_2_17_x86_64.manylinux2014_x86_64.whl.metadata (2.1 kB)
#9 41.22 Collecting scapy==2.6.1 (from -r /app/requirements.txt (line 10))
#9 41.25   Downloading scapy-2.6.1-py3-none-any.whl.metadata (5.6 kB)
#9 42.02 Collecting opentelemetry-api==1.45.0 (from -r /app/requirements.txt (line 14))
#9 42.06   Downloading opentelemetry_api-1.45.0-py3-none-any.whl.metadata (1.4 kB)
#9 42.12 Collecting opentelemetry-sdk==1.45.0 (from -r /app/requirements.txt (line 15))
#9 42.15   Downloading opentelemetry_sdk-1.45.0-py3-none-any.whl.metadata (1.6 kB)
#9 42.27 Collecting pytest==8.3.3 (from -r requirements-dev.txt (line 2))
#9 42.29   Downloading pytest-8.3.3-py3-none-any.whl.metadata (7.5 kB)
#9 42.37 Collecting httpx==0.27.2 (from -r requirements-dev.txt (line 3))
#9 42.40   Downloading httpx-0.27.2-py3-none-any.whl.metadata (7.1 kB)
#9 42.51 Collecting starlette<0.42.0,>=0.40.0 (from fastapi==0.115.5->-r /app/requirements.txt (line 1))
#9 42.54   Downloading starlette-0.41.3-py3-none-any.whl.metadata (6.0 kB)
#9 42.62 Collecting typing-extensions>=4.8.0 (from fastapi==0.115.5->-r /app/requirements.txt (line 1))
#9 42.68   Downloading typing_extensions-4.16.0-py3-none-any.whl.metadata (3.3 kB)
#9 42.74 Collecting click>=7.0 (from uvicorn==0.32.1->uvicorn[standard]==0.32.1->-r /app/requirements.txt (line 2))
#9 42.76   Downloading click-8.5.0-py3-none-any.whl.metadata (2.6 kB)
#9 42.80 Collecting h11>=0.8 (from uvicorn==0.32.1->uvicorn[standard]==0.32.1->-r /app/requirements.txt (line 2))
#9 42.84   Downloading h11-0.16.0-py3-none-any.whl.metadata (8.3 kB)
#9 42.89 Collecting annotated-types>=0.6.0 (from pydantic==2.9.2->-r /app/requirements.txt (line 3))
#9 42.92   Downloading annotated_types-0.8.0-py3-none-any.whl.metadata (15 kB)
#9 59.06 Collecting pydantic-core==2.23.4 (from pydantic==2.9.2->-r /app/requirements.txt (line 3))
#9 59.09   Downloading pydantic_core-2.23.4-cp312-cp312-manylinux_2_17_x86_64.manylinux2014_x86_64.whl.metadata (6.6 kB)
#9 59.18 Collecting python-dotenv>=0.21.0 (from pydantic-settings==2.6.1->-r /app/requirements.txt (line 4))
#9 59.21   Downloading python_dotenv-1.2.3-py3-none-any.whl.metadata (29 kB)
#9 59.28 Collecting python-dateutil>=2.8.2 (from pandas==2.2.3->-r /app/requirements.txt (line 7))
#9 59.30   Downloading python_dateutil-2.9.0.post0-py2.py3-none-any.whl.metadata (8.4 kB)
#9 59.56 Collecting pytz>=2020.1 (from pandas==2.2.3->-r /app/requirements.txt (line 7))
#9 59.59   Downloading pytz-2026.4-py2.py3-none-any.whl.metadata (22 kB)
#9 59.67 Collecting tzdata>=2022.7 (from pandas==2.2.3->-r /app/requirements.txt (line 7))
#9 59.69   Downloading tzdata-2026.4-py2.py3-none-any.whl.metadata (1.4 kB)
#9 59.81 Collecting opentelemetry-semantic-conventions==0.66b0 (from opentelemetry-sdk==1.45.0->-r /app/requirements.txt (line 15))
#9 59.83   Downloading opentelemetry_semantic_conventions-0.66b0-py3-none-any.whl.metadata (2.4 kB)
#9 59.87 Collecting iniconfig (from pytest==8.3.3->-r requirements-dev.txt (line 2))
#9 59.90   Downloading iniconfig-2.3.0-py3-none-any.whl.metadata (2.5 kB)
#9 59.96 Collecting packaging (from pytest==8.3.3->-r requirements-dev.txt (line 2))
#9 59.98   Downloading packaging-26.3-py3-none-any.whl.metadata (3.5 kB)
#9 60.03 Collecting pluggy<2,>=1.5 (from pytest==8.3.3->-r requirements-dev.txt (line 2))
#9 60.06   Downloading pluggy-1.6.0-py3-none-any.whl.metadata (4.8 kB)
#9 60.12 Collecting anyio (from httpx==0.27.2->-r requirements-dev.txt (line 3))
#9 60.15   Downloading anyio-4.15.1-py3-none-any.whl.metadata (4.7 kB)
#9 60.20 Collecting certifi (from httpx==0.27.2->-r requirements-dev.txt (line 3))
#9 60.23   Downloading certifi-2026.7.22-py3-none-any.whl.metadata (2.5 kB)
#9 60.28 Collecting httpcore==1.* (from httpx==0.27.2->-r requirements-dev.txt (line 3))
#9 60.32   Downloading httpcore-1.0.9-py3-none-any.whl.metadata (21 kB)
#9 60.43 Collecting idna (from httpx==0.27.2->-r requirements-dev.txt (line 3))
#9 60.47   Downloading idna-3.20-py3-none-any.whl.metadata (7.2 kB)
#9 60.52 Collecting sniffio (from httpx==0.27.2->-r requirements-dev.txt (line 3))
#9 60.55   Downloading sniffio-1.3.1-py3-none-any.whl.metadata (3.9 kB)
#9 60.77 Collecting httptools>=0.6.3 (from uvicorn[standard]==0.32.1->-r /app/requirements.txt (line 2))
#9 60.82   Downloading httptools-0.8.0-cp312-cp312-manylinux1_x86_64.manylinux_2_28_x86_64.manylinux_2_5_x86_64.whl.metadata (3.5 kB)
#9 61.19 Collecting uvloop!=0.15.0,!=0.15.1,>=0.14.0 (from uvicorn[standard]==0.32.1->-r /app/requirements.txt (line 2))
#9 61.22   Downloading uvloop-0.22.1-cp312-cp312-manylinux2014_x86_64.manylinux_2_17_x86_64.manylinux_2_28_x86_64.whl.metadata (4.9 kB)
#9 62.18 Collecting watchfiles>=0.13 (from uvicorn[standard]==0.32.1->-r /app/requirements.txt (line 2))
#9 62.20   Downloading watchfiles-1.3.0-cp310-abi3-manylinux_2_17_x86_64.manylinux2014_x86_64.whl.metadata (4.9 kB)
#9 62.63 Collecting websockets>=10.4 (from uvicorn[standard]==0.32.1->-r /app/requirements.txt (line 2))
#9 62.65   Downloading websockets-17.1-cp312-cp312-manylinux1_x86_64.manylinux_2_28_x86_64.manylinux_2_5_x86_64.whl.metadata (6.3 kB)
#9 62.72 Collecting six>=1.5 (from python-dateutil>=2.8.2->pandas==2.2.3->-r /app/requirements.txt (line 7))
#9 62.75   Downloading six-1.17.0-py2.py3-none-any.whl.metadata (1.7 kB)
#9 62.82 Downloading fastapi-0.115.5-py3-none-any.whl (94 kB)
#9 63.18 Downloading uvicorn-0.32.1-py3-none-any.whl (63 kB)
#9 63.99 Downloading pydantic-2.9.2-py3-none-any.whl (434 kB)
#9 66.07 Downloading pydantic_settings-2.6.1-py3-none-any.whl (28 kB)
#9 66.28 Downloading networkx-3.4.2-py3-none-any.whl (1.7 MB)
#9 73.28    ━━━━━━━━━━━━━━━━━━━━━━━━━━━━━━━━━━━━━━━━ 1.7/1.7 MB 274.6 kB/s eta 0:00:00
#9 73.32 Downloading numpy-2.1.3-cp312-cp312-manylinux_2_17_x86_64.manylinux2014_x86_64.whl (16.0 MB)
#9 81.96    ━━━━━━━━━━━━━━━━━━━━━━━━━━━━━━━━━━━━━━━━ 16.0/16.0 MB 2.0 MB/s eta 0:00:00
#9 82.01 Downloading pandas-2.2.3-cp312-cp312-manylinux_2_17_x86_64.manylinux2014_x86_64.whl (12.7 MB)
#9 86.91    ━━━━━━━━━━━━━━━━━━━━━━━━━━━━━━━━━━━━━━━━ 12.7/12.7 MB 2.6 MB/s eta 0:00:00
#9 86.95 Downloading scipy-1.14.1-cp312-cp312-manylinux_2_17_x86_64.manylinux2014_x86_64.whl (40.8 MB)
#9 107.6    ━━━━━━━━━━━━━━━━━━━━━━━━━━━━━━━━━━━━━━━━ 40.8/40.8 MB 2.0 MB/s eta 0:00:00
#9 107.6 Downloading PyYAML-6.0.2-cp312-cp312-manylinux_2_17_x86_64.manylinux2014_x86_64.whl (767 kB)
#9 108.0    ━━━━━━━━━━━━━━━━━━━━━━━━━━━━━━━━━━━━━━━━ 767.5/767.5 kB 2.3 MB/s eta 0:00:00
#9 108.0 Downloading scapy-2.6.1-py3-none-any.whl (2.4 MB)
#9 108.9    ━━━━━━━━━━━━━━━━━━━━━━━━━━━━━━━━━━━━━━━━ 2.4/2.4 MB 2.9 MB/s eta 0:00:00
#9 108.9 Downloading opentelemetry_api-1.45.0-py3-none-any.whl (60 kB)
#9 108.9 Downloading opentelemetry_sdk-1.45.0-py3-none-any.whl (140 kB)
#9 109.0 Downloading pytest-8.3.3-py3-none-any.whl (342 kB)
#9 109.2 Downloading httpx-0.27.2-py3-none-any.whl (76 kB)
#9 109.2 Downloading httpcore-1.0.9-py3-none-any.whl (78 kB)
#9 109.2 Downloading opentelemetry_semantic_conventions-0.66b0-py3-none-any.whl (206 kB)
#9 109.3 Downloading pydantic_core-2.23.4-cp312-cp312-manylinux_2_17_x86_64.manylinux2014_x86_64.whl (2.1 MB)
#9 110.0    ━━━━━━━━━━━━━━━━━━━━━━━━━━━━━━━━━━━━━━━━ 2.1/2.1 MB 3.4 MB/s eta 0:00:00
#9 110.0 Downloading annotated_types-0.8.0-py3-none-any.whl (13 kB)
#9 110.0 Downloading click-8.5.0-py3-none-any.whl (125 kB)
#9 110.1 Downloading h11-0.16.0-py3-none-any.whl (37 kB)
#9 110.1 Downloading httptools-0.8.0-cp312-cp312-manylinux1_x86_64.manylinux_2_28_x86_64.manylinux_2_5_x86_64.whl (523 kB)
#9 110.3 Downloading pluggy-1.6.0-py3-none-any.whl (20 kB)
#9 110.3 Downloading python_dateutil-2.9.0.post0-py2.py3-none-any.whl (229 kB)
#9 110.4 Downloading python_dotenv-1.2.3-py3-none-any.whl (22 kB)
#9 110.5 Downloading pytz-2026.4-py2.py3-none-any.whl (506 kB)
#9 110.7 Downloading starlette-0.41.3-py3-none-any.whl (73 kB)
#9 110.7 Downloading anyio-4.15.1-py3-none-any.whl (132 kB)
#9 110.8 Downloading idna-3.20-py3-none-any.whl (69 kB)
#9 110.8 Downloading typing_extensions-4.16.0-py3-none-any.whl (45 kB)
#9 110.8 Downloading tzdata-2026.4-py2.py3-none-any.whl (347 kB)
#9 111.0 Downloading uvloop-0.22.1-cp312-cp312-manylinux2014_x86_64.manylinux_2_17_x86_64.manylinux_2_28_x86_64.whl (4.4 MB)
#9 113.0    ━━━━━━━━━━━━━━━━━━━━━━━━━━━━━━━━━━━━━━━━ 4.4/4.4 MB 2.1 MB/s eta 0:00:00
#9 113.0 Downloading watchfiles-1.3.0-cp310-abi3-manylinux_2_17_x86_64.manylinux2014_x86_64.whl (458 kB)
#9 113.2 Downloading websockets-17.1-cp312-cp312-manylinux1_x86_64.manylinux_2_28_x86_64.manylinux_2_5_x86_64.whl (224 kB)
#9 113.3 Downloading certifi-2026.7.22-py3-none-any.whl (136 kB)
#9 113.4 Downloading iniconfig-2.3.0-py3-none-any.whl (7.5 kB)
#9 113.5 Downloading packaging-26.3-py3-none-any.whl (129 kB)
#9 113.5 Downloading sniffio-1.3.1-py3-none-any.whl (10 kB)
#9 113.6 Downloading six-1.17.0-py2.py3-none-any.whl (11 kB)
#9 113.9 Installing collected packages: pytz, websockets, uvloop, tzdata, typing-extensions, sniffio, six, scapy, PyYAML, python-dotenv, pluggy, packaging, numpy, networkx, iniconfig, idna, httptools, h11, click, certifi, annotated-types, uvicorn, scipy, python-dateutil, pytest, pydantic-core, opentelemetry-api, httpcore, anyio, watchfiles, starlette, pydantic, pandas, opentelemetry-semantic-conventions, httpx, pydantic-settings, opentelemetry-sdk, fastapi
#9 133.9 Successfully installed PyYAML-6.0.2 annotated-types-0.8.0 anyio-4.15.1 certifi-2026.7.22 click-8.5.0 fastapi-0.115.5 h11-0.16.0 httpcore-1.0.9 httptools-0.8.0 httpx-0.27.2 idna-3.20 iniconfig-2.3.0 networkx-3.4.2 numpy-2.1.3 opentelemetry-api-1.45.0 opentelemetry-sdk-1.45.0 opentelemetry-semantic-conventions-0.66b0 packaging-26.3 pandas-2.2.3 pluggy-1.6.0 pydantic-2.9.2 pydantic-core-2.23.4 pydantic-settings-2.6.1 pytest-8.3.3 python-dateutil-2.9.0.post0 python-dotenv-1.2.3 pytz-2026.4 scapy-2.6.1 scipy-1.14.1 six-1.17.0 sniffio-1.3.1 starlette-0.41.3 typing-extensions-4.16.0 tzdata-2026.4 uvicorn-0.32.1 uvloop-0.22.1 watchfiles-1.3.0 websockets-17.1
#9 133.9 WARNING: Running pip as the 'root' user can result in broken permissions and conflicting behaviour with the system package manager, possibly rendering your system unusable. It is recommended to use a virtual environment instead: https://pip.pypa.io/warnings/venv. Use the --root-user-action option if you know what you are doing and want to suppress this warning.
#9 136.7 
#9 136.7 [notice] A new release of pip is available: 25.0.1 -> 26.2.1
#9 136.7 [notice] To update, run: pip install --upgrade pip
#9 DONE 137.2s

#10 [5/5] COPY . .
#10 DONE 2.5s

#11 exporting to image
#11 exporting layers
#11 exporting layers 18.9s done
#11 exporting manifest sha256:d2b67717615cd1cb024d175f3a250f0e48d450e7805ca94c89d85cb40aba9fe5 0.0s done
#11 exporting config sha256:19edfce418455e818f1d31484317b0a7a61dda80f39ec506cdc97394009db207 0.0s done
#11 exporting attestation manifest sha256:9aa5d15a96349d89f5abbb4ae64cc6e8e91b9bb77b71d97eaa0173e4b2196e49 0.0s done
#11 exporting manifest list sha256:92eda91bdb131abe0d7194a039f4b842adddbb2889b8d77ea6125e62edc411c0
#11 exporting manifest list sha256:92eda91bdb131abe0d7194a039f4b842adddbb2889b8d77ea6125e62edc411c0 0.0s done
#11 naming to docker.io/library/netscope-repro:latest done
#11 unpacking to docker.io/library/netscope-repro:latest
#11 unpacking to docker.io/library/netscope-repro:latest 11.0s done
#11 DONE 30.1s
docker: request returned 502 Bad Gateway for API route and version http://%2F%2F.%2Fpipe%2FdockerDesktopLinuxEngine/v1.55/containers/create, check if the server supports the requested API version

Run 'docker run --help' for more information

real	3m46.638s
user	0m0.303s
sys	0m0.136s
